src/index.ts(137,20): error TS2339: Property 'trackedPaths' does not exist on type 'Promise<WorkspaceManifest>'.
src/index.ts(142,48): error TS2345: Argument of type 'Promise<WorkspaceManifest>' is not assignable to parameter of type 'WorkspaceManifest'.
  Type 'Promise<WorkspaceManifest>' is missing the following properties from type 'WorkspaceManifest': fingerprint, initializedAt, platform, arch, and 2 more.
src/index.ts(168,20): error TS2339: Property 'trackedPaths' does not exist on type 'Promise<WorkspaceManifest>'.
src/index.ts(173,48): error TS2345: Argument of type 'Promise<WorkspaceManifest>' is not assignable to parameter of type 'WorkspaceManifest'.
  Type 'Promise<WorkspaceManifest>' is missing the following properties from type 'WorkspaceManifest': fingerprint, initializedAt, platform, arch, and 2 more.
src/index.ts(186,27): error TS2339: Property 'trackedPaths' does not exist on type 'Promise<WorkspaceManifest>'.
src/index.ts(187,48): error TS2345: Argument of type 'Promise<WorkspaceManifest>' is not assignable to parameter of type 'WorkspaceManifest'.
  Type 'Promise<WorkspaceManifest>' is missing the following properties from type 'WorkspaceManifest': fingerprint, initializedAt, platform, arch, and 2 more.
src/index.ts(190,35): error TS2345: Argument of type 'Promise<string>' is not assignable to parameter of type 'string'.
src/index.ts(196,54): error TS2769: No overload matches this call.
  Overload 1 of 8, '(file: string, args: readonly string[], options: ExecFileSyncOptionsWithStringEncoding): string', gave the following error.
    Type 'Promise<string>' is not assignable to type 'string | URL | undefined'.
  Overload 2 of 8, '(file: string, args: readonly string[], options: ExecFileSyncOptionsWithBufferEncoding): NonSharedBuffer', gave the following error.
    Type 'Promise<string>' is not assignable to type 'string | URL | undefined'.
  Overload 3 of 8, '(file: string, args?: readonly string[] | undefined, options?: ExecFileSyncOptions | undefined): string | NonSharedBuffer', gave the following error.
    Type 'Promise<string>' is not assignable to type 'string | URL | undefined'.
src/index.ts(198,15): error TS2769: No overload matches this call.
  Overload 1 of 8, '(file: string, args: readonly string[], options: ExecFileSyncOptionsWithStringEncoding): string', gave the following error.
    Type 'Promise<string>' is not assignable to type 'string | URL | undefined'.
  Overload 2 of 8, '(file: string, args: readonly string[], options: ExecFileSyncOptionsWithBufferEncoding): NonSharedBuffer', gave the following error.
    Type 'Promise<string>' is not assignable to type 'string | URL | undefined'.
  Overload 3 of 8, '(file: string, args?: readonly string[] | undefined, options?: ExecFileSyncOptions | undefined): string | NonSharedBuffer', gave the following error.
    Type 'Promise<string>' is not assignable to type 'string | URL | undefined'.
src/index.ts(407,42): error TS2339: Property 'trackedPaths' does not exist on type 'Promise<WorkspaceManifest>'.
src/workspace/history.ts(20,9): error TS2769: No overload matches this call.
  Overload 3 of 4, '(command: string, options?: ExecSyncOptions | undefined): string | NonSharedBuffer', gave the following error.
    Type 'Promise<string>' is not assignable to type 'string | URL | undefined'.
src/workspace/rollback.ts(43,11): error TS2769: No overload matches this call.
  Overload 3 of 8, '(file: string, args: readonly string[] | null | undefined, options: ExecFileOptions | null | undefined): PromiseWithChild<{ stdout: string | NonSharedBuffer; stderr: string | NonSharedBuffer; }>', gave the following error.
    Type 'Promise<string>' is not assignable to type 'string | URL | undefined'.
src/workspace/rollback.ts(85,11): error TS2769: No overload matches this call.
  Overload 3 of 8, '(file: string, args: readonly string[] | null | undefined, options: ExecFileOptions | null | undefined): PromiseWithChild<{ stdout: string | NonSharedBuffer; stderr: string | NonSharedBuffer; }>', gave the following error.
    Type 'Promise<string>' is not assignable to type 'string | URL | undefined'.
src/workspace/rollback.ts(134,11): error TS2769: No overload matches this call.
  Overload 3 of 8, '(file: string, args: readonly string[] | null | undefined, options: ExecFileOptions | null | undefined): PromiseWithChild<{ stdout: string | NonSharedBuffer; stderr: string | NonSharedBuffer; }>', gave the following error.
    Type 'Promise<string>' is not assignable to type 'string | URL | undefined'.
src/workspace/rollback.ts(215,11): error TS2769: No overload matches this call.
  Overload 3 of 8, '(file: string, args: readonly string[] | null | undefined, options: ExecFileOptions | null | undefined): PromiseWithChild<{ stdout: string | NonSharedBuffer; stderr: string | NonSharedBuffer; }>', gave the following error.
    Type 'Promise<string>' is not assignable to type 'string | URL | undefined'.
src/workspace/rollback.ts(222,11): error TS2769: No overload matches this call.
  Overload 3 of 8, '(file: string, args: readonly string[] | null | undefined, options: ExecFileOptions | null | undefined): PromiseWithChild<{ stdout: string | NonSharedBuffer; stderr: string | NonSharedBuffer; }>', gave the following error.
    Type 'Promise<string>' is not assignable to type 'string | URL | undefined'.
src/workspace/rollback.ts(250,38): error TS2345: Argument of type 'Promise<string>' is not assignable to parameter of type 'string'.
src/workspace/rollback.ts(258,56): error TS2769: No overload matches this call.
  Overload 1 of 8, '(file: string, args: readonly string[] | null | undefined, options: ExecFileOptionsWithBufferEncoding): PromiseWithChild<{ stdout: NonSharedBuffer; stderr: NonSharedBuffer; }>', gave the following error.
    Type 'Promise<string>' is not assignable to type 'string | URL | undefined'.
  Overload 2 of 8, '(file: string, args: readonly string[] | null | undefined, options: ExecFileOptionsWithStringEncoding): PromiseWithChild<{ stdout: string; stderr: string; }>', gave the following error.
    Type 'Promise<string>' is not assignable to type 'string | URL | undefined'.
  Overload 3 of 8, '(file: string, args: readonly string[] | null | undefined, options: ExecFileOptions | null | undefined): PromiseWithChild<{ stdout: string | NonSharedBuffer; stderr: string | NonSharedBuffer; }>', gave the following error.
    Type 'Promise<string>' is not assignable to type 'string | URL | undefined'.
src/workspace/rollback.ts(268,38): error TS2345: Argument of type 'Promise<string>' is not assignable to parameter of type 'string'.
src/workspace/rollback.ts(274,57): error TS2769: No overload matches this call.
  Overload 1 of 8, '(file: string, args: readonly string[] | null | undefined, options: ExecFileOptionsWithBufferEncoding): PromiseWithChild<{ stdout: NonSharedBuffer; stderr: NonSharedBuffer; }>', gave the following error.
    Type 'Promise<string>' is not assignable to type 'string | URL | undefined'.
  Overload 2 of 8, '(file: string, args: readonly string[] | null | undefined, options: ExecFileOptionsWithStringEncoding): PromiseWithChild<{ stdout: string; stderr: string; }>', gave the following error.
    Type 'Promise<string>' is not assignable to type 'string | URL | undefined'.
  Overload 3 of 8, '(file: string, args: readonly string[] | null | undefined, options: ExecFileOptions | null | undefined): PromiseWithChild<{ stdout: string | NonSharedBuffer; stderr: string | NonSharedBuffer; }>', gave the following error.
    Type 'Promise<string>' is not assignable to type 'string | URL | undefined'.
src/workspace/rollback.ts(286,85): error TS2769: No overload matches this call.
  Overload 3 of 8, '(file: string, args: readonly string[] | null | undefined, options: ExecFileOptions | null | undefined): PromiseWithChild<{ stdout: string | NonSharedBuffer; stderr: string | NonSharedBuffer; }>', gave the following error.
    Type 'Promise<string>' is not assignable to type 'string | URL | undefined'.
src/workspace/rollback.ts(289,11): error TS2769: No overload matches this call.
  Overload 1 of 8, '(file: string, args: readonly string[] | null | undefined, options: ExecFileOptionsWithBufferEncoding): PromiseWithChild<{ stdout: NonSharedBuffer; stderr: NonSharedBuffer; }>', gave the following error.
    Type 'Promise<string>' is not assignable to type 'string | URL | undefined'.
  Overload 2 of 8, '(file: string, args: readonly string[] | null | undefined, options: ExecFileOptionsWithStringEncoding): PromiseWithChild<{ stdout: string; stderr: string; }>', gave the following error.
    Type 'Promise<string>' is not assignable to type 'string | URL | undefined'.
  Overload 3 of 8, '(file: string, args: readonly string[] | null | undefined, options: ExecFileOptions | null | undefined): PromiseWithChild<{ stdout: string | NonSharedBuffer; stderr: string | NonSharedBuffer; }>', gave the following error.
    Type 'Promise<string>' is not assignable to type 'string | URL | undefined'.
tests/phase2-policy.test.ts(16,29): error TS2339: Property 'allowed' does not exist on type 'Promise<PathPolicyResult>'.
tests/phase2-policy.test.ts(17,20): error TS2339: Property 'reason' does not exist on type 'Promise<PathPolicyResult>'.
tests/phase2-policy.test.ts(23,29): error TS2339: Property 'allowed' does not exist on type 'Promise<PathPolicyResult>'.
tests/phase3-history-rollback.test.ts(26,29): error TS2345: Argument of type 'Promise<string>' is not assignable to parameter of type 'PathLike'.
  Type 'Promise<string>' is missing the following properties from type 'Buffer<ArrayBufferLike>': slice, subarray, write, toJSON, and 96 more.
tests/phase3-history-rollback.test.ts(33,32): error TS2345: Argument of type 'Promise<string>' is not assignable to parameter of type 'string'.
tests/phase3-history-rollback.test.ts(36,39): error TS2769: No overload matches this call.
  Overload 1 of 4, '(command: string, options: ExecSyncOptionsWithStringEncoding): string', gave the following error.
    Type 'Promise<string>' is not assignable to type 'string | URL | undefined'.
  Overload 2 of 4, '(command: string, options: ExecSyncOptionsWithBufferEncoding): NonSharedBuffer', gave the following error.
    Type 'Promise<string>' is not assignable to type 'string | URL | undefined'.
  Overload 3 of 4, '(command: string, options?: ExecSyncOptions | undefined): string | NonSharedBuffer', gave the following error.
    Type 'Promise<string>' is not assignable to type 'string | URL | undefined'.
tests/phase3-history-rollback.test.ts(37,55): error TS2769: No overload matches this call.
  Overload 1 of 4, '(command: string, options: ExecSyncOptionsWithStringEncoding): string', gave the following error.
    Type 'Promise<string>' is not assignable to type 'string | URL | undefined'.
  Overload 2 of 4, '(command: string, options: ExecSyncOptionsWithBufferEncoding): NonSharedBuffer', gave the following error.
    Type 'Promise<string>' is not assignable to type 'string | URL | undefined'.
  Overload 3 of 4, '(command: string, options?: ExecSyncOptions | undefined): string | NonSharedBuffer', gave the following error.
    Type 'Promise<string>' is not assignable to type 'string | URL | undefined'.
tests/phase3-history-rollback.test.ts(76,25): error TS2339: Property 'trackedPaths' does not exist on type 'Promise<WorkspaceManifest>'.
tests/phase3-history-rollback.test.ts(111,40): error TS2339: Property 'trackedPaths' does not exist on type 'Promise<WorkspaceManifest>'.
tests/phase3-history-rollback.test.ts(111,87): error TS2339: Property 'trackedPaths' does not exist on type 'Promise<WorkspaceManifest>'.
tests/phase3-manifest.test.ts(30,31): error TS2339: Property 'fingerprint' does not exist on type 'Promise<WorkspaceManifest>'.
tests/phase3-manifest.test.ts(52,31): error TS2339: Property 'allowed' does not exist on type 'Promise<PathPolicyResult>'.
tests/phase3-manifest.test.ts(53,32): error TS2339: Property 'allowed' does not exist on type 'Promise<PathPolicyResult>'.
tests/phase3-profiles.test.ts(29,26): error TS2339: Property 'includes' does not exist on type 'Promise<string[]>'.
tests/phase3-profiles.test.ts(32,26): error TS2339: Property 'trackedPaths' does not exist on type 'Promise<WorkspaceManifest>'.
tests/phase3-profiles.test.ts(55,22): error TS2339: Property 'trackedPaths' does not exist on type 'Promise<WorkspaceManifest>'.
tests/phase3-profiles.test.ts(56,30): error TS2339: Property 'fingerprint' does not exist on type 'Promise<WorkspaceManifest>'.
tests/phase3-profiles.test.ts(56,50): error TS2339: Property 'fingerprint' does not exist on type 'Promise<WorkspaceManifest>'.
tests/phase3-workspace.test.ts(27,31): error TS2339: Property 'fingerprint' does not exist on type 'Promise<WorkspaceManifest>'.
tests/phase3-workspace.test.ts(28,31): error TS2339: Property 'platform' does not exist on type 'Promise<WorkspaceManifest>'.
tests/phase3-workspace.test.ts(29,31): error TS2339: Property 'trackedPaths' does not exist on type 'Promise<WorkspaceManifest>'.
tests/phase3-workspace.test.ts(102,37): error TS2339: Property 'allowed' does not exist on type 'Promise<PathPolicyResult>'.
tests/phase3-workspace.test.ts(106,38): error TS2339: Property 'allowed' does not exist on type 'Promise<PathPolicyResult>'.
tests/phase3-workspace.test.ts(107,29): error TS2339: Property 'reason' does not exist on type 'Promise<PathPolicyResult>'.
tests/safety.test.ts(10,51): error TS2339: Property 'allowed' does not exist on type 'Promise<PathPolicyResult>'.
